npm ERR! code ERESOLVE
npm ERR! ERESOLVE unable to resolve dependency tree
npm ERR! 
npm ERR! While resolving: mobile@1.0.0
npm ERR! Found: react@19.1.0
npm ERR! node_modules/react
npm ERR!   react@"19.1.0" from mobile@1.0.0
npm ERR!   apps/mobile
npm ERR!     mobile@1.0.0
npm ERR!     node_modules/mobile
npm ERR!       workspace apps\mobile from the root project
npm ERR!   peer react@"^18.2.0 || 19.0.0-rc-de68d2f4-20241204 || ^19.0.0" from next@16.3.4
npm ERR!   node_modules/next
npm ERR!     peer next@"^13.2.0 || ^14.0 || ^15.0.0-rc.0 || ^16.0.0-0" from @sentry/nextjs@10.73.0
npm ERR!     node_modules/@sentry/nextjs
npm ERR!       @sentry/nextjs@"10" from mobile@1.0.0
npm ERR!       apps/mobile
npm ERR!         mobile@1.0.0
npm ERR!         node_modules/mobile
npm ERR! 
npm ERR! Could not resolve dependency:
npm ERR! peer react@"^19.2.8" from react-dom@19.2.8
npm ERR! node_modules/react-dom
npm ERR!   peer react-dom@"^18.2.0 || 19.0.0-rc-de68d2f4-20241204 || ^19.0.0" from next@16.3.4
npm ERR!   node_modules/next
npm ERR!     peer next@"^13.2.0 || ^14.0 || ^15.0.0-rc.0 || ^16.0.0-0" from @sentry/nextjs@10.73.0
npm ERR!     node_modules/@sentry/nextjs
npm ERR!       @sentry/nextjs@"10" from mobile@1.0.0
npm ERR!       apps/mobile
npm ERR! 
npm ERR! Fix the upstream dependency conflict, or retry
npm ERR! this command with --force or --legacy-peer-deps
npm ERR! to accept an incorrect (and potentially broken) dependency resolution.
npm ERR! 
npm ERR! 
npm ERR! For a full report see:
npm ERR! C:\Users\laura\AppData\Local\npm-cache\_logs\2026-09-07T13_05_47_294Z-eresolve-report.txt

npm ERR! A complete log of this run can be found in: C:\Users\laura\AppData\Local\npm-cache\_logs\2026-09-07T13_05_47_294Z-debug-0.log
